Commands -
1. git init
2. code .
3. https://github.com/
    spulicexp/D@20!
    spulic9/D@21! sp547840@gmail.com
4. git status
5. git add -A
6. git config -l
7. git push -f --all
8. git remote add spulic9_github https://github.com/
9. git push spulic9_github
            git push --set-upstream spulic9_github master
10. git commit -m "message"
11. git config --global user.name "spulicexp"
12. $ git branch -M main

    LENOVO@DESKTOP-EFCSQDS MINGW64 /c/spulickal/gitrepository/books_repo (main)
    $ git remote add origin https://github.com/spulicexp/books.git

    LENOVO@DESKTOP-EFCSQDS MINGW64 /c/spulickal/gitrepository/books_repo (main)
    $ git push -u origin main
    Enumerating objects: 3, done.
    Counting objects: 100% (3/3), done.
    Delta compression using up to 4 threads
    Compressing objects: 100% (2/2), done.
    Writing objects: 100% (3/3), 386 bytes | 128.00 KiB/s, done.
    Total 3 (delta 0), reused 0 (delta 0), pack-reused 0
    To https://github.com/spulicexp/books.git
    * [new branch]      main -> main
    Branch 'main' set up to track remote branch 'main' from 'origin'.

13. $ git branch -a
    * main
    remotes/origin/main

14. git push --set-upstream origin master

15. git branch develop
16. git checkout develop
17. git push --set-stream origin develop
18. $ git branch -a
    * develop
    main
    master
    remotes/origin/develop
    remotes/origin/main
    remotes/origin/master

19. git branch --help
    Requested help window will pop-up
    file:///C:/Program%20Files/Git/mingw64/share/doc/git-doc/git-branch.html

20. $ git branch -d main
    Deleted branch main (was 266d94a).

21. $ git push origin --delete main
    To https://github.com/spulicexp/books.git
    - [deleted]         main
    (updated github to specify master has the default branch)

22. git fetch

23. git branch -r -l
    listing remote branches only

24. $ git status
    On branch develop
    Your branch is up to date with 'origin/develop'.

    Changes not staged for commit:
    (use "git add <file>..." to update what will be committed)
    (use "git restore <file>..." to discard changes in working directory)
            modified:   notes.txt

    no changes added to commit (use "git add" and/or "git commit -a")

    LENOVO@DESKTOP-EFCSQDS MINGW64 /c/spulickal/gitrepository/books_repo (develop)
    $ git add -A

    LENOVO@DESKTOP-EFCSQDS MINGW64 /c/spulickal/gitrepository/books_repo (develop)
    $ git status
    On branch develop
    Your branch is up to date with 'origin/develop'.

    Changes to be committed:
    (use "git restore --staged <file>..." to unstage)
            modified:   notes.txt


    LENOVO@DESKTOP-EFCSQDS MINGW64 /c/spulickal/gitrepository/books_repo (develop)
    $ git commit -m "notes updated"
    [develop 28851dc] notes updated
    1 file changed, 54 insertions(+), 1 deletion(-)

    LENOVO@DESKTOP-EFCSQDS MINGW64 /c/spulickal/gitrepository/books_repo (develop)
    $ git status
    On branch develop
    Your branch is ahead of 'origin/develop' by 1 commit.
    (use "git push" to publish your local commits)

    nothing to commit, working tree clean

    LENOVO@DESKTOP-EFCSQDS MINGW64 /c/spulickal/gitrepository/books_repo (develop)
    $ git push
    Enumerating objects: 5, done.
    Counting objects: 100% (5/5), done.
    Delta compression using up to 4 threads
    Compressing objects: 100% (2/2), done.
    Writing objects: 100% (3/3), 1.00 KiB | 1.00 MiB/s, done.
    Total 3 (delta 0), reused 0 (delta 0), pack-reused 0
    To https://github.com/spulicexp/books.git
    266d94a..28851dc  develop -> develop

25. git checkout master
        checkout aborted due to existing changes in the current local repository
        git status 
            will list the modified 20Files
        git diff file name
            will list the difference between most recent commit and current
        git restore notes.txt
            be careful with this command, as it will wipe the existing un-commited changes locally

    checkout to a new branch fails locally

26. LENOVO@DESKTOP-EFCSQDS MINGW64 /c/spulickal/gitrepository/books_repo (develop)
    $ git checkout master
    Switched to branch 'master'
    Your branch is up to date with 'origin/master'.

    LENOVO@DESKTOP-EFCSQDS MINGW64 /c/spulickal/gitrepository/books_repo (master)
    $ git log
    commit 266d94a8d938ee39386a29499fc7f108931a60ff (HEAD -> master, origin/master)
    Author: spulic9 <sp547840@gmail.com>
    Date:   Sun Apr 18 12:04:16 2021 -0500

        first commit

    LENOVO@DESKTOP-EFCSQDS MINGW64 /c/spulickal/gitrepository/books_repo (master)
    $ git fetch
    remote: Enumerating objects: 1, done.
    remote: Counting objects: 100% (1/1), done.
    remote: Total 1 (delta 0), reused 0 (delta 0), pack-reused 0
    Unpacking objects: 100% (1/1), 625 bytes | 208.00 KiB/s, done.
    From https://github.com/spulicexp/books
    266d94a..9b3e707  master     -> origin/master

    LENOVO@DESKTOP-EFCSQDS MINGW64 /c/spulickal/gitrepository/books_repo (master)
    $ git log
    commit 266d94a8d938ee39386a29499fc7f108931a60ff (HEAD -> master)
    Author: spulic9 <sp547840@gmail.com>
    Date:   Sun Apr 18 12:04:16 2021 -0500

        first commit

    LENOVO@DESKTOP-EFCSQDS MINGW64 /c/spulickal/gitrepository/books_repo (master)
    $ git pull
    Updating 266d94a..9b3e707
    Fast-forward
    notes.txt | 114 +++++++++++++++++++++++++++++++++++++++++++++++++++++++++++++-
    1 file changed, 113 insertions(+), 1 deletion(-)
    
    LENOVO@DESKTOP-EFCSQDS MINGW64 /c/spulickal/gitrepository/books_repo (master)
    $ git log
    commit 9b3e707bd7ef8994a61acb08c8f4f49c3e043065 (HEAD -> master, origin/master)
    Merge: 266d94a e51d06a
    Author: spulicexp <61475856+spulicexp@users.noreply.github.com>
    Date:   Sun Apr 18 13:13:57 2021 -0500

        Merge pull request #1 from spulicexp/develop

        notes updated

    commit e51d06a6790361a87e0c8d6a87d3d67387149609 (origin/develop, develop)
    Author: spulicexp <sp547840@gmail.com>
    Date:   Sun Apr 18 13:10:25 2021 -0500

        notes updated 0418 01.10

    commit 28851dc7c8c5b5f697b59e46dbae747ec1cf940b
    Author: spulicexp <sp547840@gmail.com>
    Date:   Sun Apr 18 12:56:28 2021 -0500

        notes updated

    commit 266d94a8d938ee39386a29499fc7f108931a60ff
    Author: spulic9 <sp547840@gmail.com>
    Date:   Sun Apr 18 12:04:16 2021 -0500

        first commit

        - Git checkedout locally to a new branch
        - created pull request to merge to master in github
        - develop branch initially had only 1 commit
        - created one additional commit in develop branch and pushed to remote
        - git pull request now showed 2 commits to merge
        - merged the pull request - both commits are now merged into master
        - run the fetch command on master
        - git log ran before and after did't show the updates
        - run git pull command, this brought the remote master branch changes to local master


27.
